日志已重定向到 E://Github//SonCAD//SunCAD.log
ViewportPanel: Constructing ViewportPanel
ViewportPanel: ViewportController changed
ViewportPanel: ViewportController changed
GLvendor: NVIDIA Corporation
GLdevice: NVIDIA GeForce RTX 4060 Ti/PCIe/SSE2
GLversion: 4.5.0 NVIDIA 560.94
GLSLversion: 4.50 NVIDIA
Max texture size: 32768
Max FBO dump size: 32768x32768
Max combined texture units: 192
Max MSAA samples: 32
Viewport: 1183x564
Window buffer: RGB8 ALPHA8 DEPTH24 STENCIL8
GPU free memory: 5733 MiB
GPU memory: 8188 MiB
ResolutionRatio: 1
日志已重定向到 E://Github//SonCAD//SunCAD.log
ViewportPanel: Constructing ViewportPanel
ViewportPanel: ViewportController changed
ViewportPanel: ViewportController changed
GLvendor: NVIDIA Corporation
GLdevice: NVIDIA GeForce RTX 4060 Ti/PCIe/SSE2
GLversion: 4.5.0 NVIDIA 560.94
GLSLversion: 4.50 NVIDIA
Max texture size: 32768
Max FBO dump size: 32768x32768
Max combined texture units: 192
Max MSAA samples: 32
Viewport: 1183x564
Window buffer: RGB8 ALPHA8 DEPTH24 STENCIL8
GPU free memory: 5734 MiB
GPU memory: 8188 MiB
ResolutionRatio: 1
日志已重定向到 E://Github//SonCAD//SunCAD.log
ViewportPanel: Constructing ViewportPanel
ViewportPanel: ViewportController changed
ViewportPanel: ViewportController changed
GLvendor: NVIDIA Corporation
GLdevice: NVIDIA GeForce RTX 4060 Ti/PCIe/SSE2
GLversion: 4.5.0 NVIDIA 560.94
GLSLversion: 4.50 NVIDIA
Max texture size: 32768
Max FBO dump size: 32768x32768
Max combined texture units: 192
Max MSAA samples: 32
Viewport: 1183x564
Window buffer: RGB8 ALPHA8 DEPTH24 STENCIL8
GPU free memory: 5725 MiB
GPU memory: 8188 MiB
ResolutionRatio: 1
日志已重定向到 E://Github//SonCAD//SunCAD.log
ViewportPanel: Constructing ViewportPanel
ViewportPanel: ViewportController changed
ViewportPanel: ViewportController changed
GLvendor: NVIDIA Corporation
GLdevice: NVIDIA GeForce RTX 4060 Ti/PCIe/SSE2
GLversion: 4.5.0 NVIDIA 560.94
GLSLversion: 4.50 NVIDIA
Max texture size: 32768
Max FBO dump size: 32768x32768
Max combined texture units: 192
Max MSAA samples: 32
Viewport: 1183x564
Window buffer: RGB8 ALPHA8 DEPTH24 STENCIL8
GPU free memory: 5735 MiB
GPU memory: 8188 MiB
ResolutionRatio: 1
日志已重定向到 E://Github//SonCAD//SunCAD.log
ViewportPanel: Constructing ViewportPanel
ViewportPanel: ViewportController changed
ViewportPanel: ViewportController changed
GLvendor: NVIDIA Corporation
GLdevice: NVIDIA GeForce RTX 4060 Ti/PCIe/SSE2
GLversion: 4.5.0 NVIDIA 560.94
GLSLversion: 4.50 NVIDIA
Max texture size: 32768
Max FBO dump size: 32768x32768
Max combined texture units: 192
Max MSAA samples: 32
Viewport: 1183x564
Window buffer: RGB8 ALPHA8 DEPTH24 STENCIL8
GPU free memory: 5735 MiB
GPU memory: 8188 MiB
ResolutionRatio: 1
日志已重定向到 E://Github//SonCAD//SunCAD.log
ViewportPanel: Constructing ViewportPanel
ViewportPanel: ViewportController changed
ViewportPanel: ViewportController changed
GLvendor: NVIDIA Corporation
GLdevice: NVIDIA GeForce RTX 4060 Ti/PCIe/SSE2
GLversion: 4.5.0 NVIDIA 560.94
GLSLversion: 4.50 NVIDIA
Max texture size: 32768
Max FBO dump size: 32768x32768
Max combined texture units: 192
Max MSAA samples: 32
Viewport: 1183x564
Window buffer: RGB8 ALPHA8 DEPTH24 STENCIL8
GPU free memory: 5735 MiB
GPU memory: 8188 MiB
ResolutionRatio: 1
日志已重定向到 E://Github//SonCAD//SunCAD.log
ViewportPanel: Constructing ViewportPanel
ViewportPanel: ViewportController changed
ViewportPanel: ViewportController changed
GLvendor: NVIDIA Corporation
GLdevice: NVIDIA GeForce RTX 4060 Ti/PCIe/SSE2
GLversion: 4.5.0 NVIDIA 560.94
GLSLversion: 4.50 NVIDIA
Max texture size: 32768
Max FBO dump size: 32768x32768
Max combined texture units: 192
Max MSAA samples: 32
Viewport: 1183x564
Window buffer: RGB8 ALPHA8 DEPTH24 STENCIL8
GPU free memory: 5709 MiB
GPU memory: 8188 MiB
ResolutionRatio: 1
日志已重定向到 E://Github//SonCAD//SunCAD.log
ViewportPanel: Constructing ViewportPanel
ViewportPanel: ViewportController changed
ViewportPanel: ViewportController changed
GLvendor: NVIDIA Corporation
GLdevice: NVIDIA GeForce RTX 4060 Ti/PCIe/SSE2
GLversion: 4.5.0 NVIDIA 560.94
GLSLversion: 4.50 NVIDIA
Max texture size: 32768
Max FBO dump size: 32768x32768
Max combined texture units: 192
Max MSAA samples: 32
Viewport: 1183x564
Window buffer: RGB8 ALPHA8 DEPTH24 STENCIL8
GPU free memory: 5708 MiB
GPU memory: 8188 MiB
ResolutionRatio: 1
日志已重定向到 E://Github//SonCAD//SunCAD.log
ViewportPanel: Constructing ViewportPanel
ViewportPanel: ViewportController changed
ViewportPanel: ViewportController changed
GLvendor: NVIDIA Corporation
GLdevice: NVIDIA GeForce RTX 4060 Ti/PCIe/SSE2
GLversion: 4.5.0 NVIDIA 560.94
GLSLversion: 4.50 NVIDIA
Max texture size: 32768
Max FBO dump size: 32768x32768
Max combined texture units: 192
Max MSAA samples: 32
Viewport: 1183x564
Window buffer: RGB8 ALPHA8 DEPTH24 STENCIL8
GPU free memory: 5698 MiB
GPU memory: 8188 MiB
ResolutionRatio: 1
